---
source: crates/notesmith-html/tests/ofm_snapshots.rs
expression: html
---
<pre><code class="language-md">- Item 1
- Item 2
  - Item 2a
  - Item 2b

1. Item 1
1. Item 2
1. Item 3
   1. Item 3a
   1. Item 3b
</code></pre>
<ul>
<li>Item 1</li>
<li>Item 2
<ul>
<li>Item 2a</li>
<li>Item 2b</li>
</ul>
</li>
</ul>
<ol>
<li>Item 1</li>
<li>Item 2</li>
<li>Item 3
<ol>
<li>Item 3a</li>
<li>Item 3b</li>
</ol>
</li>
</ol>
