---
source: crates/notesmith-html/tests/ofm_snapshots.rs
expression: html
---
<pre><code class="language-md">*This text will be italic*
_This will also be italic_
</code></pre>
<p><em>This text will be italic</em><br />
<em>This will also be italic</em></p>
<pre><code class="language-md">**This text will be bold**
__This will also be bold__
</code></pre>
<p><strong>This text will be bold</strong><br />
<strong>This will also be bold</strong></p>
<pre><code class="language-md">_You **can** combine them_
</code></pre>
<p><em>You <strong>can</strong> combine them</em></p>
