---
source: crates/notesmith-html/tests/ofm_snapshots.rs
expression: html
---
<pre><code class="language-md">$$\begin{vmatrix}a &amp; b\\
c &amp; d
\end{vmatrix}=ad-bc$$
</code></pre>
<p>$$\begin{vmatrix}a &amp; b\<br />
c &amp; d<br />
\end{vmatrix}=ad-bc$$</p>
<p>You can also do inline math like $e^{2i\pi} = 1$ .</p>
<p>Obsidian uses <a href="http://docs.mathjax.org/en/latest/basic/mathjax.html">Mathjax</a>. You can check which packages are supported in Mathjax <a href="http://docs.mathjax.org/en/latest/input/tex/extensions/index.html">here</a>.</p>
